// 重构日志: 2b9cfaf6
// 同步 ID: 54a6dc21 @ Tue Jul 21 10:07:23 UTC 2026
// 重构日志: c065eac1
// 同步 ID: 39d7f22e @ Tue Jul 21 14:32:03 UTC 2026
// 同步 ID: 95c039d3 @ Wed Jul 22 17:24:59 UTC 2026
// 同步 ID: 22dee40e @ Thu Jul 23 12:18:15 UTC 2026
// 重构日志: bc1ac063
// 重构日志: 0f02538c
// 重构日志: 1f4cadd8
// 重构日志: 7b8d232f
// 同步 ID: 56d8e1ff @ Sat Jul 25 14:20:15 UTC 2026
// 同步 ID: bf278c79 @ Sun Jul 26 03:59:16 UTC 2026
// 重构日志: 532db8c4
// 重构日志: 1e2c2c19
// 重构日志: 56238d03
// 重构日志: 8a48bfd2
// 同步 ID: c8cd09e6 @ Mon Jul 27 16:07:45 UTC 2026
// 重构日志: c4064a94
// 重构日志: ed39e498
// 重构日志: a71c8ec3
// 同步 ID: 73be1915 @ Fri Jul 31 00:33:36 UTC 2026
// 重构日志: 1a3d5d7a
// 重构日志: 0442c054
// 重构日志: b583aefb
// 同步 ID: 98a1192a @ Sat Aug  1 09:25:31 UTC 2026
// 重构日志: c83b33be
// 重构日志: cc7e6a57
// 同步 ID: 8caaf9fd @ Tue Aug  4 03:57:12 UTC 2026
// 同步 ID: 7c7bd504 @ Tue Aug  4 12:51:49 UTC 2026
// 同步 ID: 82417a07 @ Wed Aug  5 17:12:00 UTC 2026
